Tue Mar 10 13:48:10 GMT 2026 - google.com - UP (ping)
Tue Mar 10 13:48:10 GMT 2026 - github.com - UP (ping)
Tue Mar 10 13:48:10 GMT 2026 - facebook.com - UP (ping)
Tue Mar 10 13:48:10 GMT 2026 - amazon.com - UP (http)
Tue Mar 10 13:56:40 GMT 2026 - google.com - UP (ping)
Tue Mar 10 13:56:40 GMT 2026 - github.com - UP (ping)
Tue Mar 10 13:56:40 GMT 2026 - facebook.com - UP (ping)
Tue Mar 10 13:56:40 GMT 2026 - amazon.com - UP (http)
Checking server1...
Server number: 1
Checking server2...
Server number: 2
Checking server3...
Server number: 3

Total checked: 3 servers!
Checking server1...
Server number: 1
Checking server2...
Server number: 2
Checking server3...
Server number: 3

Total checked: 3 servers!
Checking server1...
Server number: 1
Checking server2...
Server number: 2
Checking server3...
Server number: 3

Total checked: 3 servers!
Checking server1...
Server number: 1
Checking server2...
Server number: 2
Checking server3...
Server number: 3

Total checked: 3 servers!
Checking server1...
Server number: 1
Checking server2...
Server number: 2
Checking server3...
Server number: 3

Total checked: 3 servers!
Checking server1...
Server number: 1
Checking server2...
Server number: 2
Checking server3...
Server number: 3

Total checked: 3 servers!
Checking server1...
Server number: 1
Checking server2...
Server number: 2
Checking server3...
Server number: 3

Total checked: 3 servers!
Checking server1...
Server number: 1
Checking server2...
Server number: 2
Checking server3...
Server number: 3

Total checked: 3 servers!
